[    0.000000] Initializing cgroup subsys cpuset
[    0.000000] Initializing cgroup subsys cpu
[    0.000000] Initializing cgroup subsys cpuacct
[    0.000000] Linux version 4.4.0-210-generic (buildd@lgw01-amd64-009) (gcc version 5.4.0 20160609 (Ubuntu 5.4.0-6ubuntu1~16.04.12) ) #242-Ubuntu SMP Fri Apr 16 09:57:56 UTC 2021 (Ubuntu 4.4.0-210.242-generic 4.4.262)
[    0.000000] Command line: BOOT_IMAGE=/boot/vmlinuz-4.4.0-210-generic root=LABEL=cloudimg-rootfs ro console=tty1 console=ttyS0
[    0.000000] KERNEL supported cpus:
[    0.000000]   Intel GenuineIntel
[    0.000000]   AMD AuthenticAMD
[    0.000000]   Centaur CentaurHauls
[    0.000000] x86/fpu: xstate_offset[2]:  576, xstate_sizes[2]:  256
[    0.000000] x86/fpu: Supporting XSAVE feature 0x01: 'x87 floating point registers'
[    0.000000] x86/fpu: Supporting XSAVE feature 0x02: 'SSE registers'
[    0.000000] x86/fpu: Supporting XSAVE feature 0x04: 'AVX registers'
[    0.000000] x86/fpu: Enabled xstate features 0x7, context size is 832 bytes, using 'standard' format.
[    0.000000] e820: BIOS-provided physical RAM map:
[    0.000000] BIOS-e820: [mem 0x0000000000000000-0x000000000009fbff] usable
[    0.000000] BIOS-e820: [mem 0x000000000009fc00-0x000000000009ffff] reserved
[    0.000000] BIOS-e820: [mem 0x00000000000f0000-0x00000000000fffff] reserved
[    0.000000] BIOS-e820: [mem 0x0000000000100000-0x000000007ffeffff] usable
[    0.000000] BIOS-e820: [mem 0x000000007fff0000-0x000000007fffffff] ACPI data
[    0.000000] BIOS-e820: [mem 0x00000000fec00000-0x00000000fec00fff] reserved
[    0.000000] BIOS-e820: [mem 0x00000000fee00000-0x00000000fee00fff] reserved
[    0.000000] BIOS-e820: [mem 0x00000000fffc0000-0x00000000ffffffff] reserved
[    0.000000] NX (Execute Disable) protection: active
[    0.000000] SMBIOS 2.5 present.
[    0.000000] Hypervisor detected: KVM
[    0.000000] e820: last_pfn = 0x7fff0 max_arch_pfn = 0x400000000
[    0.000000] MTRR: Disabled
[    0.000000] x86/PAT: MTRRs disabled, skipping PAT initialization too.
[    0.000000] CPU MTRRs all blank - virtualized system.
[    0.000000] x86/PAT: Configuration [0-7]: WB  WT  UC- UC  WB  WT  UC- UC  
[    0.000000] found SMP MP-table at [mem 0x0009fff0-0x0009ffff] mapped at [ffff88000009fff0]
[    0.000000] Scanning 1 areas for low memory corruption
[    0.000000] RAMDISK: [mem 0x362dc000-0x37165fff]
[    0.000000] ACPI: Early table checksum verification disabled
[    0.000000] ACPI: RSDP 0x00000000000E0000 000024 (v02 VBOX  )
[    0.000000] ACPI: XSDT 0x000000007FFF0030 00003C (v01 VBOX   VBOXXSDT 00000001 ASL  00000061)
[    0.000000] ACPI: FACP 0x000000007FFF00F0 0000F4 (v04 VBOX   VBOXFACP 00000001 ASL  00000061)
[    0.000000] ACPI: DSDT 0x000000007FFF0470 002325 (v02 VBOX   VBOXBIOS 00000002 INTL 20120111)
[    0.000000] ACPI: FACS 0x000000007FFF0200 000040
[    0.000000] ACPI: FACS 0x000000007FFF0200 000040
[    0.000000] ACPI: APIC 0x000000007FFF0240 00005C (v02 VBOX   VBOXAPIC 00000001 ASL  00000061)
[    0.000000] ACPI: SSDT 0x000000007FFF02A0 0001CC (v01 VBOX   VBOXCPUT 00000002 INTL 20120111)
[    0.000000] No NUMA configuration found
[    0.000000] Faking a node at [mem 0x0000000000000000-0x000000007ffeffff]
[    0.000000] NODE_DATA(0) allocated [mem 0x7ffeb000-0x7ffeffff]
[    0.000000] kvm-clock: Using msrs 4b564d01 and 4b564d00
[    0.000000] kvm-clock: cpu 0, msr 0:7ffe3001, primary cpu clock
[    0.000000] kvm-clock: using sched offset of 3528703778 cycles
[    0.000000] clocksource: kvm-clock: mask: 0xffffffffffffffff max_cycles: 0x1cd42e4dffb, max_idle_ns: 881590591483 ns
[    0.000000] Zone ranges:
[    0.000000]   DMA      [mem 0x0000000000001000-0x0000000000ffffff]
[    0.000000]   DMA32    [mem 0x0000000001000000-0x000000007ffeffff]
[    0.000000]   Normal   empty
[    0.000000]   Device   empty
[    0.000000] Movable zone start for each node
[    0.000000] Early memory node ranges
[    0.000000]   node   0: [mem 0x0000000000001000-0x000000000009efff]
[    0.000000]   node   0: [mem 0x0000000000100000-0x000000007ffeffff]
[    0.000000] Initmem setup node 0 [mem 0x0000000000001000-0x000000007ffeffff]
[    0.000000] ACPI: PM-Timer IO Port: 0x4008
[    0.000000] IOAPIC[0]: apic_id 2, version 32, address 0xfec00000, GSI 0-23
[    0.000000] ACPI: INT_SRC_OVR (bus 0 bus_irq 0 global_irq 2 dfl dfl)
[    0.000000] ACPI: INT_SRC_OVR (bus 0 bus_irq 9 global_irq 9 low level)
[    0.000000] Using ACPI (MADT) for SMP configuration information
[    0.000000] smpboot: Allowing 2 CPUs, 0 hotplug CPUs
[    0.000000] PM: Registered nosave memory: [mem 0x00000000-0x00000fff]
[    0.000000] PM: Registered nosave memory: [mem 0x0009f000-0x0009ffff]
[    0.000000] PM: Registered nosave memory: [mem 0x000a0000-0x000effff]
[    0.000000] PM: Registered nosave memory: [mem 0x000f0000-0x000fffff]
[    0.000000] e820: [mem 0x80000000-0xfebfffff] available for PCI devices
[    0.000000] Booting paravirtualized kernel on KVM
[    0.000000] clocksource: refined-jiffies: mask: 0xffffffff max_cycles: 0xffffffff, max_idle_ns: 7645519600211568 ns
[    0.000000] setup_percpu: NR_CPUS:512 nr_cpumask_bits:512 nr_cpu_ids:2 nr_node_ids:1
[    0.000000] PERCPU: Embedded 33 pages/cpu @ffff88007fc00000 s95192 r8192 d31784 u1048576
[    0.000000] Built 1 zonelists in Node order, mobility grouping on.  Total pages: 515960
[    0.000000] Policy zone: DMA32
[    0.000000] Kernel command line: BOOT_IMAGE=/boot/vmlinuz-4.4.0-210-generic root=LABEL=cloudimg-rootfs ro console=tty1 console=ttyS0
[    0.000000] PID hash table entries: 4096 (order: 3, 32768 bytes)
[    0.000000] Memory: 2029984K/2096696K available (8644K kernel code, 1332K rwdata, 4044K rodata, 1492K init, 1164K bss, 66712K reserved, 0K cma-reserved)
[    0.000000] SLUB: HWalign=64, Order=0-3, MinObjects=0, CPUs=2, Nodes=1
[    0.000000] Kernel/User page tables isolation: enabled
[    0.000000] Hierarchical RCU implementation.
[    0.000000] 	Build-time adjustment of leaf fanout to 64.
[    0.000000] 	RCU restricting CPUs from NR_CPUS=512 to nr_cpu_ids=2.
[    0.000000] RCU: Adjusting geometry for rcu_fanout_leaf=64, nr_cpu_ids=2
[    0.000000] NR_IRQS:33024 nr_irqs:440 16
[    0.000000] Console: colour VGA+ 80x25
[    0.000000] console [tty1] enabled
[    0.000000] console [ttyS0] enabled
[    0.000000] tsc: Detected 2592.000 MHz processor
[    0.153212] Calibrating delay loop (skipped) preset value.. 5184.00 BogoMIPS (lpj=10368000)
[    0.154934] pid_max: default: 32768 minimum: 301
[    0.155867] ACPI: Core revision 20150930
[    0.157346] ACPI: 2 ACPI AML tables successfully acquired and loaded
[    0.159192] Security Framework initialized
[    0.160169] Yama: becoming mindful.
[    0.160954] AppArmor: AppArmor initialized
[    0.163013] Dentry cache hash table entries: 262144 (order: 9, 2097152 bytes)
[    0.164581] Inode-cache hash table entries: 131072 (order: 8, 1048576 bytes)
[    0.167045] Mount-cache hash table entries: 4096 (order: 3, 32768 bytes)
[    0.168317] Mountpoint-cache hash table entries: 4096 (order: 3, 32768 bytes)
[    0.169900] Initializing cgroup subsys io
[    0.170736] Initializing cgroup subsys memory
[    0.171622] Initializing cgroup subsys devices
[    0.172519] Initializing cgroup subsys freezer
[    0.173588] Initializing cgroup subsys net_cls
[    0.174484] Initializing cgroup subsys perf_event
[    0.175424] Initializing cgroup subsys net_prio
[    0.176475] Initializing cgroup subsys hugetlb
[    0.177406] Initializing cgroup subsys pids
[    0.188963] mce: CPU supports 0 MCE banks
[    0.189917] Last level iTLB entries: 4KB 64, 2MB 8, 4MB 8
[    0.191362] Last level dTLB entries: 4KB 64, 2MB 0, 4MB 0, 1GB 4
[    0.192567] Spectre V1 : Mitigation: usercopy/swapgs barriers and __user pointer sanitization
[    0.194662] Spectre V2 : Mitigation: Full generic retpoline
[    0.195754] Spectre V2 : Spectre v2 / SpectreRSB mitigation: Filling RSB on context switch
[    0.197535] Speculative Store Bypass: Vulnerable
[    0.198475] SRBDS: Unknown: Dependent on hypervisor status
[    0.199615] MDS: Mitigation: Clear CPU buffers
[    0.202770] Freeing SMP alternatives memory: 36K
[    0.208445] ftrace: allocating 32380 entries in 127 pages
[    0.253894] smpboot: APIC(0) Converting physical 0 to logical package 0
[    0.256268] smpboot: Max logical packages: 1
[    0.257349] x2apic enabled
[    0.258130] Switched APIC routing to physical x2apic.
[    0.259946] ..TIMER: vector=0x30 apic1=0 pin1=2 apic2=-1 pin2=-1
[    0.369415] smpboot: CPU0: Intel(R) Core(TM) i7-9750H CPU @ 2.60GHz (family: 0x6, model: 0x9e, stepping: 0xa)
[    0.372047] Performance Events: unsupported p6 CPU model 158 no PMU driver, software events only.
[    0.382245] KVM setup paravirtual spinlock
[    0.385306] x86: Booting SMP configuration:
[    0.386379] .... node  #0, CPUs:      #1
[    0.387269] kvm-clock: cpu 1, msr 0:7ffe3041, secondary cpu clock
[    0.398896] mce: CPU supports 0 MCE banks
[    0.402169] x86: Booted up 1 node, 2 CPUs
[    0.403136] smpboot: Total of 2 processors activated (10368.00 BogoMIPS)
[    0.404658] devtmpfs: initialized
[    0.406830] evm: security.selinux
[    0.407660] evm: security.SMACK64
[    0.408379] evm: security.SMACK64EXEC
[    0.409777] evm: security.SMACK64TRANSMUTE
[    0.411272] evm: security.SMACK64MMAP
[    0.412788] evm: security.ima
[    0.417133] evm: scurity.capability
[    0.442677] clocksource: jiffies: mask: 0xffffffff max_cycles: 0xffffffff, max_idle_ns: 7645041785100000 ns
[    0.445947] futex hash table entries: 512 (order: 3, 32768 bytes)
[    0.466354] pinctrl core: initialized pinctrl subsystem
[    0.468325] RTC time:  9:04:07, date: 09/23/21
[    0.470278] NET: Registered protocol family 16
[    0.481064] cpuidle: using governor ladder
[    0.493758] cpuidle: using governor menu
[    0.495258] PCCT header not found.
[    0.496604] ACPI: bus type PCI registered
[    0.497814] acpiphp: ACPI Hot Plug PCI Controller Driver version: 0.5
[    0.499481] PCI: Using configuration type 1 for base access
[    0.514702] ACPI: Added _OSI(Module Device)
[    0.516457] ACPI: Added _OSI(Processor Device)
[    0.518221] ACPI: Added _OSI(3.0 _SCP Extensions)
[    0.519577] ACPI: Added _OSI(Processor Aggregator Device)
[    0.521805] ACPI: Executed 1 blocks of module-level executable AML code
[    0.525518] ACPI: Interpreter enabled
[    0.526631] ACPI: (supports S0 S5)
[    0.527549] ACPI: Using IOAPIC for interrupt routing
[    0.528931] PCI: Using host bridge windows from ACPI; if necessary, use "pci=nocrs" and report a bug
[    0.535738] ACPI: PCI Root Bridge [PCI0] (domain 0000 [bus 00-ff])
[    0.537294] acpi PNP0A03:00: _OSC: OS supports [ASPM ClockPM Segments MSI]
[    0.539301] acpi PNP0A03:00: _OSC: not requesting OS control; OS requires [ExtendedConfig ASPM ClockPM MSI]
[    0.541439] acpi PNP0A03:00: fail to add MMCONFIG information, can't access extended PCI configuration space under this bridge.
[    0.544133] PCI host bridge to bus 0000:00
[    0.545023] pci_bus 0000:00: root bus resource [io  0x0000-0x0cf7 window]
[    0.546721] pci_bus 0000:00: root bus resource [io  0x0d00-0xffff window]
[    0.548023] pci_bus 0000:00: root bus resource [mem 0x000a0000-0x000bffff window]
[    0.549610] pci_bus 0000:00: root bus resource [mem 0x80000000-0xfdffffff window]
[    0.551149] pci_bus 0000:00: root bus resource [bus 00-ff]
[    0.554397] pci 0000:00:01.1: legacy IDE quirk: reg 0x10: [io  0x01f0-0x01f7]
[    0.555751] pci 0000:00:01.1: legacy IDE quirk: reg 0x14: [io  0x03f6]
[    0.557010] pci 0000:00:01.1: legacy IDE quirk: reg 0x18: [io  0x0170-0x0177]
[    0.565095] pci 0000:00:01.1: legacy IDE quirk: reg 0x1c: [io  0x0376]
[    0.580574] pci 0000:00:07.0: quirk: [io  0x4000-0x403f] claimed by PIIX4 ACPI
[    0.582615] pci 0000:00:07.0: quirk: [io  0x4100-0x410f] claimed by PIIX4 SMB
[    0.593094] ACPI: PCI Interrupt Link [LNKA] (IRQs 5 9 10 *11)
[    0.595152] ACPI: PCI Interrupt Link [LNKB] (IRQs 5 9 *10 11)
[    0.596623] ACPI: PCI Interrupt Link [LNKC] (IRQs 5 *9 10 11)
[    0.598097] ACPI: PCI Interrupt Link [LNKD] (IRQs 5 9 10 *11)
[    0.600012] ACPI: Enabled 2 GPEs in block 00 to 07
[    0.601413] vgaarb: setting as boot device: PCI:0000:00:02.0
[    0.602646] vgaarb: device added: PCI:0000:00:02.0,decodes=io+mem,owns=io+mem,locks=none
[    0.604276] vgaarb: loaded
[    0.604910] vgaarb: bridge control possible 0000:00:02.0
[    0.606304] SCSI subsystem initialized
[    0.607423] ACPI: bus type USB registered
[    0.608278] usbcore: registered new interface driver usbfs
[    0.609972] usbcore: registered new interface driver hub
[    0.611243] usbcore: registered new device driver usb
[    0.612459] PCI: Using ACPI for IRQ routing
[    0.613689] NetLabel: Initializing
[    0.614430] NetLabel:  domain hash size = 128
[    0.615321] NetLabel:  protocols = UNLABELED CIPSOv4
[    0.616327] NetLabel:  unlabeled traffic allowed by default
[    0.617564] amd_nb: Cannot enumerate AMD northbridges
[    0.618775] clocksource: Switched to clocksource kvm-clock
[    0.625817] AppArmor: AppArmor Filesystem Enabled
[    0.627385] pnp: PnP ACPI init
[    0.629021] pnp: PnP ACPI: found 3 devices
[    0.638162] clocksource: acpi_pm: mask: 0xffffff max_cycles: 0xffffff, max_idle_ns: 2085701024 ns
[    0.640341] NET: Registered protocol family 2
[    0.641440] TCP established hash table entries: 16384 (order: 5, 131072 bytes)
[    0.643055] TCP bind hash table entries: 16384 (order: 6, 262144 bytes)
[    0.645194] TCP: Hash tables configured (established 16384 bind 16384)
[    0.646711] UDP hash table entries: 1024 (order: 3, 32768 bytes)
[    0.647907] UDP-Lite hash table entries: 1024 (order: 3, 32768 bytes)
[    0.649183] NET: Registered protocol family 1
[    0.650086] pci 0000:00:00.0: Limiting direct PCI/PCI transfers
[    0.651276] pci 0000:00:01.0: Activating ISA DMA hang workarounds
[    0.652588] Unpacking initramfs...
[    0.821712] Freeing initrd memory: 14888K
[    0.823870] clocksource: tsc: mask: 0xffffffffffffffff max_cycles: 0x255cb6cc5db, max_idle_ns: 440795203504 ns
[    0.827077] platform rtc_cmos: registered platform RTC device (no PNP device found)
[    0.829132] Scanning for low memory corruption every 60 seconds
[    0.832109] audit: initializing netlink subsys (disabled)
[    0.833234] audit: type=2000 audit(1632387852.574:1): initialized
[    0.834649] Initialise system trusted keyring
[    0.835911] HugeTLB registered 2 MB page size, pre-allocated 0 pages
[    0.838092] zbud: loaded
[    0.838969] VFS: Disk quotas dquot_6.6.0
[    0.839834] VFS: Dquot-cache hash table entries: 512 (order 0, 4096 bytes)
[    0.841329] squashfs: version 4.0 (2009/01/31) Phillip Lougher
[    0.842771] fuse init (API version 7.23)
[    0.844019] Key type big_key registered
[    0.844940] Allocating IMA MOK and blacklist keyrings.
[    0.846558] Key type asymmetric registered
[    0.847760] Asymmetric key parser 'x509' registered
[    0.848755] Block layer SCSI generic (bsg) driver version 0.4 loaded (major 249)
[    0.850312] io scheduler noop registered
[    0.851259] io scheduler deadline registered (default)
[    0.852915] io scheduler cfq registered
[    0.854435] pci_hotplug: PCI Hot Plug PCI Core version: 0.5
[    0.855619] pciehp: PCI Express Hot Plug Controller Driver version: 0.4
[    0.857258] ACPI: AC Adapter [AC] (on-line)
[    0.858173] input: Power Button as /devices/LNXSYSTM:00/LNXPWRBN:00/input/input0
[    0.859902] ACPI: Power Button [PWRF]
[    0.860726] input: Sleep Button as /devices/LNXSYSTM:00/LNXSLPBN:00/input/input1
[    0.862218] ACPI: Sleep Button [SLPF]
[    0.863126] GHES: HEST is not enabled!
[    0.864379] ACPI: Battery Slot [BAT0] (battery present)
[    0.865517] Serial: 8250/16550 driver, 32 ports, IRQ sharing enabled
[    0.887495] 00:02: ttyS0 at I/O 0x3f8 (irq = 4, base_baud = 115200) is a 16550A
[    0.891617] Linux agpgart interface v0.103
[    0.895158] loop: module loaded
[    0.896403] scsi host0: ata_piix
[    0.897196] scsi host1: ata_piix
[    0.897932] ata1: PATA max UDMA/33 cmd 0x1f0 ctl 0x3f6 bmdma 0xd000 irq 14
[    0.899354] ata2: PATA max UDMA/33 cmd 0x170 ctl 0x376 bmdma 0xd008 irq 15
[    0.900969] libphy: Fixed MDIO Bus: probed
[    0.901846] tun: Universal TUN/TAP device driver, 1.6
[    0.902862] tun: (C) 1999-2004 Max Krasnyansky <maxk@qualcomm.com>
[    0.904166] PPP generic driver version 2.4.2
[    0.905119] ehci_hcd: USB 2.0 'Enhanced' Host Controller (EHCI) Driver
[    0.906397] ehci-pci: EHCI PCI platform driver
[    0.907357] ehci-platform: EHCI generic platform driver
[    0.908408] ohci_hcd: USB 1.1 'Open' Host Controller (OHCI) Driver
[    0.909705] ohci-pci: OHCI PCI platform driver
[    0.910625] ohci-platform: OHCI generic platform driver
[    0.911795] uhci_hcd: USB Universal Host Controller Interface driver
[    0.913150] i8042: PNP: PS/2 Controller [PNP0303:PS2K,PNP0f03:PS2M] at 0x60,0x64 irq 1,12
[    0.915151] serio: i8042 KBD port at 0x60,0x64 irq 1
[    0.916167] serio: i8042 AUX port at 0x60,0x64 irq 12
[    0.917328] mousedev: PS/2 mouse device common for all mice
[    0.918764] input: AT Translated Set 2 keyboard as /devices/platform/i8042/serio0/input/input2
[    0.920920] rtc_cmos rtc_cmos: rtc core: registered rtc_cmos as rtc0
[    0.922181] rtc_cmos rtc_cmos: alarms up to one day, 114 bytes nvram
[    0.923461] i2c /dev entries driver
[    0.924366] device-mapper: uevent: version 1.0.3
[    0.925466] device-mapper: ioctl: 4.34.0-ioctl (2015-10-28) initialised: dm-devel@redhat.com
[    0.927385] ledtrig-cpu: registered to indicate activity on CPUs
[    0.928905] NET: Registered protocol family 10
[    0.929961] NET: Registered protocol family 17
[    0.931156] Key type dns_resolver registered
[    0.932282] registered taskstats version 1
[    0.933151] Loading compiled-in X.509 certificates
[    0.934542] Loaded X.509 cert 'Build time autogenerated kernel key: cf00e047681d67edb2720680708b7d9498083038'
[    0.936801] zswap: loaded using pool lzo/zbud
[    0.939093] Key type trusted registered
[    0.941991] Key type encrypted registered
[    0.942839] AppArmor: AppArmor sha1 policy hashing enabled
[    0.944112] ima: No TPM chip found, activating TPM-bypass!
[    0.945586] ima: Allocated hash algorithm: sha1
[    0.946520] evm: HMAC attrs: 0x1
[    0.947593]   Magic number: 5:214:71
[    0.948589] rtc_cmos rtc_cmos: setting system clock to 2021-09-23 09:04:07 UTC (1632387847)
[    0.950349] BIOS EDD facility v0.16 2004-Jun-25, 0 devices found
[    0.951605] EDD information not available.
[    1.083711] Freeing unused kernel memory: 1492K
[    1.085110] Write protecting the kernel read-only data: 14336k
[    1.087078] Freeing unused kernel memory: 1584K
[    1.088414] Freeing unused kernel memory: 52K
Loading, please wait...
starting version 229
[    1.101765] random: systemd-udevd: uninitialized urandom read (16 bytes read, 3 bits of entropy available)
[    1.102309] random: udevadm: uninitialized urandom read (16 bytes read, 3 bits of entropy available)
[    1.102337] random: udevadm: uninitialized urandom read (16 bytes read, 3 bits of entropy available)
[    1.108091] random: systemd-udevd: uninitialized urandom read (16 bytes read, 3 bits of entropy available)
[    1.108638] random: udevadm: uninitialized urandom read (16 bytes read, 3 bits of entropy available)
[    1.108680] random: udevadm: uninitialized urandom read (16 bytes read, 3 bits of entropy available)
[    1.108789] random: udevadm: uninitialized urandom read (16 bytes read, 3 bits of entropy available)
[    1.108833] random: udevadm: uninitialized urandom read (16 bytes read, 3 bits of entropy available)
[    1.108876] random: udevadm: uninitialized urandom read (16 bytes read, 3 bits of entropy available)
[    1.108921] random: udevadm: uninitialized urandom read (16 bytes read, 3 bits of entropy available)
[    1.157720] e1000: Intel(R) PRO/1000 Network Driver - version 7.3.21-k8-NAPI
[    1.159871] e1000: Copyright (c) 1999-2006 Intel Corporation.
[    1.165750] Fusion MPT base driver 3.04.20
[    1.167222] Copyright (c) 1999-2008 LSI Corporation
[    1.173176] Fusion MPT SPI Host driver 3.04.20
[    1.181019] AVX2 version of gcm_enc/dec engaged.
[    1.182619] AES CTR mode by8 optimization enabled
[    1.375801] input: ImExPS/2 Generic Explorer Mouse as /devices/platform/i8042/serio1/input/input4
[    1.534821] e1000 0000:00:03.0 eth0: (PCI:33MHz:32-bit) 02:a0:46:b5:71:eb
[    1.536986] e1000 0000:00:03.0 eth0: Intel(R) PRO/1000 Network Connection
[    1.921797] e1000 0000:00:08.0 eth1: (PCI:33MHz:32-bit) 08:00:27:18:9d:30
[    1.924114] e1000 0000:00:08.0 eth1: Intel(R) PRO/1000 Network Connection
[    1.927667] e1000 0000:00:03.0 enp0s3: renamed from eth0
[    1.930550] mptbase: ioc0: Initiating bringup
[    1.935509] e1000 0000:00:08.0 enp0s8: renamed from eth1
[    2.517558] ioc0: LSI53C1030 A0: Capabilities={Initiator}
[    5.347121] scsi host2: ioc0: LSI53C1030 A0, FwRev=00000000h, Ports=1, MaxQ=256, IRQ=20
[    6.761024] scsi 2:0:0:0: Direct-Access     VBOX     HARDDISK         1.0  PQ: 0 ANSI: 5
[    6.762805] scsi target2:0:0: Beginning Domain Validation
[    6.764546] scsi target2:0:0: Domain Validation skipping write tests
[    6.765826] scsi target2:0:0: Ending Domain Validation
[    6.766950] scsi target2:0:0: asynchronous
[    6.768178] scsi 2:0:1:0: Direct-Access     VBOX     HARDDISK         1.0  PQ: 0 ANSI: 5
[    6.776978] scsi target2:0:1: Beginning Domain Validation
[    6.778550] scsi target2:0:1: Domain Validation skipping write tests
[    6.780345] scsi target2:0:1: Ending Domain Validation
[    6.781462] scsi target2:0:1: asynchronous
[    6.785660] sd 2:0:0:0: Attached scsi generic sg0 type 0
[    6.786898] sd 2:0:0:0: [sda] 83886080 512-byte logical blocks: (42.9 GB/40.0 GiB)
[    6.786970] sd 2:0:1:0: Attached scsi generic sg1 type 0
[    6.787102] sd 2:0:1:0: [sdb] 20480 512-byte logical blocks: (10.5 MB/10.0 MiB)
[    6.787225] sd 2:0:1:0: [sdb] Write Protect is off
[    6.787310] sd 2:0:1:0: [sdb] Incomplete mode parameter data
[    6.787311] sd 2:0:1:0: [sdb] Assuming drive cache: write through
[    6.788221] sd 2:0:1:0: [sdb] Attached SCSI disk
[    6.796606] sd 2:0:0:0: [sda] Write Protect is off
[    6.798028] sd 2:0:0:0: [sda] Incomplete mode parameter data
[    6.799446] sd 2:0:0:0: [sda] Assuming drive cache: write through
[    6.801590]  sda: sda1
[    6.803163] sd 2:0:0:0: [sda] Attached SCSI disk
Begin: Loading essential drivers ... [    8.060043] md: linear personality registered for level -1
[    8.063746] md: multipath personality registered for level -4
[    8.067243] md: raid0 personality registered for level 0
[    8.070995] md: raid1 personality registered for level 1
[    8.138855] raid6: sse2x1   gen() 14198 MB/s
[    8.206838] raid6: sse2x1   xor()  9815 MB/s
[    8.275083] raid6: sse2x2   gen() 17281 MB/s
[    8.342970] raid6: sse2x2   xor() 12071 MB/s
[    8.411455] raid6: sse2x4   gen() 20194 MB/s
[    8.478920] raid6: sse2x4   xor() 12981 MB/s
[    8.547396] raid6: avx2x1   gen() 25041 MB/s
[    8.618793] raid6: avx2x2   gen() 29979 MB/s
[    8.687997] raid6: avx2x4   gen() 35782 MB/s
[    8.689211] raid6: using algorithm avx2x4 gen() 35782 MB/s
[    8.690302] raid6: using avx2x2 recovery algorithm
[    8.692463] xor: automatically using best checksumming function:
[    8.730849]    avx       : 27208.000 MB/sec
[    8.733040] async_tx: api initialized (async)
[    8.742164] md: raid6 personality registered for level 6
[    8.743858] md: raid5 personality registered for level 5
[    8.745151] md: raid4 personality registered for level 4
[    8.751019] md: raid10 personality registered for level 10
done.
Begin: Running /scripts/init-premount ... done.
Begin: Mounting root file system ... Begin: Running /scripts/local-top ... done.
Begin: Running /scripts/local-premount ... [    8.776016] Btrfs loaded
Scanning for Btrfs filesystems
done.
Warning: fsck not present, so skipping root file system
[    8.793952] EXT4-fs (sda1): mounted filesystem with ordered data mode. Opts: (null)
done.
Begin: Running /scripts/local-bottom ... done.
Begin: Running /scripts/init-bottom ... done.
[    8.841262] systemd[1]: systemd 229 running in system mode. (+PAM +AUDIT +SELINUX +IMA +APPARMOR +SMACK +SYSVINIT +UTMP +LIBCRYPTSETUP +GCRYPT +GNUTLS +ACL +XZ -LZ4 +SECCOMP +BLKID +ELFUTILS +KMOD -IDN)
[    8.844859] systemd[1]: Detected virtualization oracle.
[    8.845930] systemd[1]: Detected architecture x86-64.

Welcome to [1mUbuntu 16.04.7 LTS[0m!

[    8.849231] systemd[1]: Set hostname to <ubuntu>.
[    8.851550] systemd[1]: Initializing machine ID from random generator.
[    8.852893] systemd[1]: Installed transient /etc/machine-id file.
[    8.922901] systemd[1]: Reached target User and Group Name Lookups.
[[0;32m  OK  [0m] Reached target User and Group Name Lookups.
[    8.925417] systemd[1]: Listening on Device-mapper event daemon FIFOs.
[[0;32m  OK  [0m] Listening on Device-mapper event daemon FIFOs.
[    8.927962] systemd[1]: Listening on LVM2 poll daemon socket.
[[0;32m  OK  [0m] Listening on LVM2 poll daemon socket.
[    8.930219] systemd[1]: Listening on fsck to fsckd communication Socket.
[[0;32m  OK  [0m] Listening on fsck to fsckd communication Socket.
[    8.932916] systemd[1]: Reached target Encrypted Volumes.
[[0;32m  OK  [0m] Reached target Encrypted Volumes.
[    8.935297] systemd[1]: Created slice User and Session Slice.
[[0;32m  OK  [0m] Created slice User and Session Slice.
[    8.937653] systemd[1]: Set up automount Arbitrary Executable File Formats File System Automount Point.
[[0;32m  OK  [0m] Set up automount Arbitrary Executab...ats File System Automount Point.
[    8.941115] systemd[1]: Reached target Swap.
[[0;32m  OK  [0m] Reached target Swap.
[    8.942948] systemd[1]: Listening on Journal Socket (/dev/log).
[[0;32m  OK  [0m] Listening on Journal Socket (/dev/log).
[    8.945263] systemd[1]: Listening on udev Kernel Socket.
[[0;32m  OK  [0m] Listening on udev Kernel Socket.
[    8.955481] systemd[1]: Listening on /dev/initctl Compatibility Named Pipe.
[[0;32m  OK  [0m] Listening on /dev/initctl Compatibility Named Pipe.
[    8.958504] systemd[1]: Listening on Journal Socket.
[[0;32m  OK  [0m] Listening on Journal Socket.
[    8.960655] systemd[1]: Listening on Journal Audit Socket.
[[0;32m  OK  [0m] Listening on Journal Audit Socket.
[    8.963151] systemd[1]: Started Forward Password Requests to Wall Directory Watch.
[[0;32m  OK  [0m] Started Forward Password Requests to Wall Directory Watch.
[    8.966289] systemd[1]: Listening on LVM2 metadata daemon socket.
[[0;32m  OK  [0m] Listening on LVM2 metadata daemon socket.
[    8.968807] systemd[1]: Reached target System Time Synchronized.
[[0;32m  OK  [0m] Reached target System Time Synchronized.
[    8.971273] systemd[1]: Listening on udev Control Socket.
[[0;32m  OK  [0m] Listening on udev Control Socket.
[    8.973482] systemd[1]: Listening on Syslog Socket.
[[0;32m  OK  [0m] Listening on Syslog Socket.
[    8.975545] systemd[1]: Started Trigger resolvconf update for networkd DNS.
[[0;32m  OK  [0m] Started Trigger resolvconf update for networkd DNS.
[    8.978501] systemd[1]: Created slice System Slice.
[[0;32m  OK  [0m] Created slice System Slice.
[    8.990898] systemd[1]: Mounting Huge Pages File System...
         Mounting Huge Pages File System...
[    8.993481] systemd[1]: Starting Uncomplicated firewall...
         Starting Uncomplicated firewall...
[    8.996055] systemd[1]: Starting File System Check on Root Device...
         Starting File System Check on Root Device...
[    8.998959] systemd[1]: Starting Nameserver information manager...
         Starting Nameserver information manager...
[    9.001523] systemd[1]: Created slice system-serial\x2dgetty.slice.
[[0;32m  OK  [0m] Created slice system-serial\x2dgetty.slice.
[    9.006097] systemd[1]: Starting Create list of required static device nodes for the current kernel...
         Starting Create list of required st... nodes for the current kernel...
[    9.010337] systemd[1]: Mounting Debug File System...
         Mounting Debug File System...
[    9.013544] systemd[1]: Starting Monitoring of LVM2 mirrors, snapshots etc. using dmeventd or progress polling...
         Starting Monitoring of LVM2 mirrors... dmeventd or progress polling...
[    9.017699] systemd[1]: Starting Journal Service...
         Starting Journal Service...
[    9.019932] systemd[1]: Reached target Slices.
[[0;32m  OK  [0m] Reached target Slices.
[    9.023747] systemd[1]: Starting Set console keymap...
         Starting Set console keymap...
[    9.026515] systemd[1]: Mounting POSIX Message Queue File System...
         Mounting POSIX Message Queue File System...
[    9.030362] systemd[1]: Starting Load Kernel Modules...
         Starting Load Kernel Modules...
[    9.038364] Loading iSCSI transport class v2.0-870.
[    9.040775] systemd[1]: Mounted POSIX Message Queue File System.
[[0;32m  OK  [0m] Mounted POSIX Message Queue File System.
[    9.043258] systemd[1]: Mounted Huge Pages File System.
[[0;32m  OK  [0m] Mounted Huge Pages File System.
[    9.045299] systemd[1]: Mounted Debug File System.
[[0;32m  OK  [0m] Mounted Debug File System.
[    9.047709] systemd[1]: Started Uncomplicated firewall.
[[0;32m  OK  [0m] Started Uncomplicated firewall.
[    9.055199] systemd[1]: Started File System Check on Root Device.
[    9.056566] iscsi: registered transport (tcp)
[[0;32m  OK  [0m] Started File System Check on Root Device.
[    9.059359] systemd[1]: Started Create list of required static device nodes for the current kernel.
[[0;32m  OK  [0m] Started Create list of required sta...ce nodes for the current kernel.
[    9.067214] systemd[1]: Started Nameserver information manager.
[[0;32m  OK  [0m] Started Nameserver information manager.
[    9.071144] systemd[1]: Started Journal Service.
[[0;32m  OK  [0m] Started Journal Service.
[[0;32m  OK  [0m] Started Set console keymap.
[[0;32m  OK  [0m] Started File System Check Daemon to report status.
[    9.085372] iscsi: registered transport (iser)
[[0;32m  OK  [0m] Started LVM2 metadata daemon.
         Starting Create Static Device Nodes in /dev...
         Starting Remount Root and Kernel File Systems...
[[0;32m  OK  [0m] Started Load Kernel Modules.
         Starting Apply Kernel Variables...
         Mounting FUSE Control File System...
[    9.099232] EXT4-fs (sda1): re-mounted. Opts: (null)
[[0;32m  OK  [0m] Mounted FUSE Control File System.
[[0;32m  OK  [0m] Started Remount Root and Kernel File Systems.
         Starting udev Coldplug all Devices...
         Starting Flush Journal to Persistent Storage...
         Starting Load/Save Random Seed...
[[0;32m  OK  [0m] Started Apply Kernel Variables.
[[0;32m  OK  [0m] Started Load/Save Random Seed.
[[0;32m  OK  [0m] Started Flush Journal to Persistent Storage.
[[0;32m  OK  [0m] Started Create Static Device Nodes in /dev.
         Starting udev Kernel Device Manager...
[[0;32m  OK  [0m] Started udev Kernel Device Manager.
[[0;32m  OK  [0m] Started udev Coldplug all Devices.
[[0;32m  OK  [0m] Started Dispatch Password Requests to Console Directory Watch.
[[0;32m  OK  [0m] Found device /dev/ttyS0.
[[0;32m  OK  [0m] Listening on Load/Save RF Kill Switch Status /dev/rfkill Watch.
[[0;32m  OK  [0m] Started Monitoring of LVM2 mirrors,...ng dmeventd or progress polling.
[[0;32m  OK  [0m] Reached target Local File Systems (Pre).
[[0;32m  OK  [0m] Reached target Local File Systems.
         Starting Commit a transient machine-id on disk...
         Starting Create Volatile Files and Directories...
         Starting Set console font and keymap...
         Starting Tell Plymouth To Write Out Runtime Data...
         Starting LSB: AppArmor initialization...
         Starting Initial cloud-init job (pre-networking)...
[[0;32m  OK  [0m] Started Commit a transient machine-id on disk.
[[0;32m  OK  [0m] Started Create Volatile Files and Directories.
[[0;32m  OK  [0m] Started Tell Plymouth To Write Out Runtime Data.
         Starting Update UTMP about System Boot/Shutdown...
[[0;32m  OK  [0m] Started Update UTMP about System Boot/Shutdown.
[[0;32m  OK  [0m] Started Set console font and keymap.
[[0;32m  OK  [0m] Created slice system-getty.slice.
[   10.104904] cloud-init[656]: Cloud-init v. 21.1-19-gbad84ad4-0ubuntu1~16.04.2 running 'init-local' at Thu, 23 Sep 2021 09:04:16 +0000. Up 9.89 seconds.
[[0;32m  OK  [0m] Started LSB: AppArmor initialization.
[[0;32m  OK  [0m] Started Initial cloud-init job (pre-networking).
[[0;32m  OK  [0m] Reached target Network (Pre).
         Starting Load AppArmor profiles managed internally by snapd...
         Starting Raise network interfaces...
[[0;32m  OK  [0m] Started Load AppArmor profiles managed internally by snapd.
[[0;32m  OK  [0m] Started Raise network interfaces.
[[0;32m  OK  [0m] Reached target Network.
         Starting Initial cloud-init job (metadata service crawler)...
[   10.977633] cloud-init[959]: Cloud-init v. 21.1-19-gbad84ad4-0ubuntu1~16.04.2 running 'init' at Thu, 23 Sep 2021 09:04:17 +0000. Up 10.54 seconds.
[   10.979950] cloud-init[959]: ci-info: ++++++++++++++++++++++++++++++++++++++Net device info+++++++++++++++++++++++++++++++++++++++
[   10.982069] cloud-init[959]: ci-info: +--------+-------+----------------------------+---------------+--------+-------------------+
[   10.984189] cloud-init[959]: ci-info: | Device |   Up  |          Address           |      Mask     | Scope  |     Hw-Address    |
[   10.986259] cloud-init[959]: ci-info: +--------+-------+----------------------------+---------------+--------+-------------------+
[   10.988331] cloud-init[959]: ci-info: | enp0s3 |  True |         10.0.2.15          | 255.255.255.0 | global | 02:a0:46:b5:71:eb |
[   10.990360] cloud-init[959]: ci-info: | enp0s3 |  True | fe80::a0:46ff:feb5:71eb/64 |       .       |  link  | 02:a0:46:b5:71:eb |
[   10.992815] cloud-init[959]: ci-info: | enp0s8 | False |             .              |       .       |   .    | 08:00:27:18:9d:30 |
[   10.994864] cloud-init[959]: ci-info: |   lo   |  True |         127.0.0.1          |   255.0.0.0   |  host  |         .         |
[   10.996968] cloud-init[959]: ci-info: |   lo   |  True |          ::1/128           |       .       |  host  |         .         |
[   10.999015] cloud-init[959]: ci-info: +--------+-------+----------------------------+---------------+--------+-------------------+
[   11.001077] cloud-init[959]: ci-info: +++++++++++++++++++++++++++Route IPv4 info++++++++++++++++++++++++++++
[   11.002866] cloud-init[959]: ci-info: +-------+-------------+----------+---------------+-----------+-------+
[   11.004673] cloud-init[959]: ci-info: | Route | Destination | Gateway  |    Genmask    | Interface | Flags |
[   11.006446] cloud-init[959]: ci-info: +-------+-------------+----------+---------------+-----------+-------+
[   11.008267] cloud-init[959]: ci-info: |   0   |   0.0.0.0   | 10.0.2.2 |    0.0.0.0    |   enp0s3  |   UG  |
[   11.010028] cloud-init[959]: ci-info: |   1   |   10.0.2.0  | 0.0.0.0  | 255.255.255.0 |   enp0s3  |   U   |
[   11.011815] cloud-init[959]: ci-info: +-------+-------------+----------+---------------+-----------+-------+
[   11.013628] cloud-init[959]: ci-info: +++++++++++++++++++Route IPv6 info+++++++++++++++++++
[   11.015185] cloud-init[959]: ci-info: +-------+-------------+---------+-----------+-------+
[   11.016773] cloud-init[959]: ci-info: | Route | Destination | Gateway | Interface | Flags |
[   11.018314] cloud-init[959]: ci-info: +-------+-------------+---------+-----------+-------+
[   11.019868] cloud-init[959]: ci-info: |   0   |  fe80::/64  |    ::   |   enp0s3  |   U   |
[   11.021558] cloud-init[959]: ci-info: |   3   |   ff00::/8  |    ::   |   enp0s3  |   U   |
[   11.023083] cloud-init[959]: ci-info: +-------+-------------+---------+-----------+-------+
[   11.024651] cloud-init[959]: Generating public/private rsa key pair.
[   11.025905] cloud-init[959]: Your identification has been saved in /etc/ssh/ssh_host_rsa_key.
[   11.027517] cloud-init[959]: Your public key has been saved in /etc/ssh/ssh_host_rsa_key.pub.
[   11.029126] cloud-init[959]: The key fingerprint is:
[   11.030214] cloud-init[959]: SHA256:3E1xu3nfp7ifQkUma6SqPx6c8wzpF3cv78+nLq5hnPs root@ubuntu-xenial
[   11.031869] cloud-init[959]: The key's randomart image is:
[   11.033075] cloud-init[959]: +---[RSA 2048]----+
[   11.034131] cloud-init[959]: |            . .  |
[   11.035198] cloud-init[959]: |            ooo. |
[   11.036271] cloud-init[959]: |           o.=.  |
[   11.037324] cloud-init[959]: |       . ..oo .o |
[   11.038389] cloud-init[959]: |        S.....o .|
[   11.039427] cloud-init[959]: |       ..+..o ..o|
[   11.040478] cloud-init[959]: |       .B =+ . .+|
[   11.041609] cloud-init[959]: |      ...B.oo..++|
[   11.042974] cloud-init[959]: |       o+o=+E**=B|
[   11.044139] cloud-init[959]: +----[SHA256]-----+
[   11.045171] cloud-init[959]: Generating public/private dsa key pair.
[   11.046490] cloud-init[959]: Your identification has been saved in /etc/ssh/ssh_host_dsa_key.
[   11.048137] cloud-init[959]: Your public key has been saved in /etc/ssh/ssh_host_dsa_key.pub.
[   11.049741] cloud-init[959]: The key fingerprint is:
[   11.050867] cloud-init[959]: SHA256:a9f94+4bL6qHW+tjgxFfq59lDB3gsUMMaeF9lbTYwyQ root@ubuntu-xenial
[   11.052494] cloud-init[959]: The key's randomart image is:
[   11.053626] cloud-init[959]: +---[DSA 1024]----+
[   11.054631] cloud-init[959]: |           o=E.oo|
[   11.055636] cloud-init[959]: |          .o+.X.o|
[   11.056684] cloud-init[959]: |          .. * B |
[   11.057665] cloud-init[959]: |          .   +.o|
[   11.058664] cloud-init[959]: |        S  o ....|
[   11.064471] cloud-init[959]: |         ......o |
[   11.065543] cloud-init[959]: |        o .+o...+|
[   11.066562] cloud-init[959]: |       . .o.*..*o|
[   11.067668] cloud-init[959]: |          o*+=**=|
[   11.068754] cloud-init[959]: +----[SHA256]-----+
[   11.069877] cloud-init[959]: Generating public/private ecdsa key pair.
[   11.071325] cloud-init[959]: Your identification has been saved in /etc/ssh/ssh_host_ecdsa_key.
[   11.073207] cloud-init[959]: Your public key has been saved in /etc/ssh/ssh_host_ecdsa_key.pub.
[   11.075012] cloud-init[959]: The key fingerprint is:
[   11.076287] cloud-init[959]: SHA256:bUrujs/rpW7M+nNc3JFHBAJzNWjQhU6Q2B0q/swt36I root@ubuntu-xenial
[   11.077991] cloud-init[959]: The key's randomart image is:
[   11.079185] cloud-init[959]: +---[ECDSA 256]---+
[   11.079355] cloud-init[959]: |         o=B+*=o.|
[   11.079921] cloud-init[959]: |        . o+B. ..|
[   11.080496] cloud-init[959]: |        . .+   o |
[   11.081041] cloud-init[959]: |       . o  . o .|
[   11.081595] cloud-init[959]: |        S o. . o |
[   11.082153] cloud-init[959]: |       o * .o .  |
[   11.082704] cloud-init[959]: |       oo.*..    |
[   11.083257] cloud-init[959]: |       +=ooo..   |
[   11.083811] cloud-init[959]: |      oO@+E....  |
[   11.084761] cloud-init[959]: +----[SHA256]-----+
[   11.085336] cloud-init[959]: Generating public/private ed25519 key pair.
[   11.085486] cloud-init[959]: Your identification has been saved in /etc/ssh/ssh_host_ed25519_key.
[[0;32m  OK  [0m] Started Initial cloud-init job (metadata service crawler).
[   11.085690] cloud-init[959]: Your public key has been saved in /etc/ssh/ssh_host_ed25519_key.pub.
[   11.088438] cloud-init[959]: The key fingerprint is:
[   11.088599] cloud-init[959]: SHA256:Ir0acXfOWjoVUH5wJdIrsY1tmtjveO94X/6F2ipRdTg root@ubuntu-xenial
[   11.089177] cloud-init[959]: The key's randomart image is:
[   11.089741] cloud-init[959]: +--[ED25519 256]--+
[   11.090312] cloud-init[959]: |         .+.o... |
[   11.090880] cloud-init[959]: |        ...+..E .|
[   11.091455] cloud-init[959]: |         ..*.o o |
[   11.092047] cloud-init[959]: |     .    =.*    |
[[0;32m  OK  [0m] Reached target Network is Online.
[   11.092567] cloud-init[959]: |    o + So.B     |
[   11.095866] cloud-init[959]: |     + +.+*    . |
[   11.097153] cloud-init[959]: |    . .  .+o  . o|
[   11.098109] cloud-init[959]: |     o  .+..o+..o|
[   11.099060] cloud-init[959]: |    .   o..+==+.=|
[   11.100106] cloud-init[959]: +----[SHA256]-----+
         Starting iSCSI initiator daemon (iscsid)...
[[0;32m  OK  [0m] Reached target Cloud-config availability.
[[0;32m  OK  [0m] Reached target System Initialization.
[[0;32m  OK  [0m] Started ACPI Events Check.
[[0;32m  OK  [0m] Reached target Paths.
[[0;32m  OK  [0m] Listening on UUID daemon activation socket.
[[0;32m  OK  [0m] Listening on D-Bus System Message Bus Socket.
[[0;32m  OK  [0m] Started Daily apt download activities.
[[0;32m  OK  [0m] Listening on ACPID Listen Socket.
[[0;32m  OK  [0m] Started Ubuntu Advantage update messaging.
[[0;32m  OK  [0m] Started Message of the Day.
[[0;32m  OK  [0m] Started Daily Cleanup of Temporary Directories.
         Starting Socket activation for snappy daemon.
[[0;32m  OK  [0m] Started Daily apt upgrade and clean activities.
[[0;32m  OK  [0m] Reached target Timers.
         Starting LXD - unix socket.
[[0;32m  OK  [0m] Listening on Socket activation for snappy daemon.
[[0;32m  OK  [0m] Listening on LXD - unix socket.
[[0;32m  OK  [0m] Reached target Sockets.
[[0;32m  OK  [0m] Reached target Basic System.
         Starting LSB: Record successful boot for GRUB...
[[0;32m  OK  [0m] Started Regular background program processing daemon.
         Starting Accounts Service...
         Starting Virtualbox guest utils...
[[0;32m  OK  [0m] Started ACPI event daemon.
         Starting Snap Daemon...
[[0;32m  OK  [0m] Started D-Bus System Message Bus.
         Starting System Logging Service...
[[0;32m  OK  [0m] Started FUSE filesystem for LXC.
         Starting Login Service...
[[0;32m  OK  [0m] Started Deferred execution scheduler.
         Starting Pollinate to seed the pseudo random number generator...
         Starting /etc/rc.local Compatibility...
         Starting LXD - container startup/shutdown...
         Starting LSB: MD monitoring daemon...
[[0;32m  OK  [0m] Started iSCSI initiator daemon (iscsid).
[[0;32m  OK  [0m] Started /etc/rc.local Compatibility.
         Starting Authenticate and Authorize Users to Run Privileged Tasks...
         Starting Login to default iSCSI targets...
[[0;32m  OK  [0m] Started System Logging Service.
[[0;32m  OK  [0m] Started Login Service.
[[0;32m  OK  [0m] Started Unattended Upgrades Shutdown.
[[0;32m  OK  [0m] Started LSB: Record successful boot for GRUB.
[[0;32m  OK  [0m] Started Login to default iSCSI targets.
[[0;32m  OK  [0m] Reached target Remote File Systems (Pre).
[[0;32m  OK  [0m] Reached target Remote File Systems.
         Starting Permit User Sessions...
         Starting LSB: Set the CPU Frequency Scaling governor to "ondemand"...
         Starting LSB: automatic crash report generation...
         Starting LSB: daemon to balance interrupts for SMP systems...
[[0;32m  OK  [0m] Started LSB: MD monitoring daemon.
[[0;32m  OK  [0m] Started Permit User Sessions.
[[0;32m  OK  [0m] Started Authenticate and Authorize Users to Run Privileged Tasks.
[[0;32m  OK  [0m] Started Accounts Service.
         Starting Hold until boot process finishes up...
         Starting Terminate Plymouth Boot Screen...
[[0;32m  OK  [0m] Started Hold until boot process finishes up.
         Starting Set console scheme...
[[0;32m  OK  [0m] Started Getty on tty1.
[[0;32m  OK  [0m] Started Serial Getty on ttyS0.
[[0;32m  OK  [0m] Reached target Login Prompts.
[[0;32m  OK  [0m] Started Set console scheme.
[[0;32m  OK  [0m] Started Terminate Plymouth Boot Screen.
[[0;32m  OK  [0m] Started LSB: Set the CPU Frequency Scaling governor to "ondemand".
[[0;32m  OK  [0m] Started LSB: daemon to balance interrupts for SMP systems.
[[0;32m  OK  [0m] Started LXD - container startup/shutdown.
[[0;32m  OK  [0m] Started LSB: automatic crash report generation.
[[0;32m  OK  [0m] Started Virtualbox guest utils.
[[0;32m  OK  [0m] Started Snap Daemon.
         Starting Wait until snapd is fully seeded...
[[0;32m  OK  [0m] Started Pollinate to seed the pseudo random number generator.
         Starting OpenBSD Secure Shell server...
[[0;32m  OK  [0m] Started OpenBSD Secure Shell server.
[[0;32m  OK  [0m] Created slice User Slice of vagrant.
         Starting User Manager for UID 1000...
[[0;32m  OK  [0m] Started Session 1 of user vagrant.
[[0;32m  OK  [0m] Started User Manager for UID 1000.
[[0;32m  OK  [0m] Started Wait until snapd is fully seeded.
[[0;32m  OK  [0m] Reached target Multi-User System.
[[0;32m  OK  [0m] Reached target Graphical Interface.
         Starting Update UTMP about System Runlevel Changes...
         Starting Apply the settings specified in cloud-config...
[[0;32m  OK  [0m] Started Update UTMP about System Runlevel Changes.
[   14.932543] cloud-init[1454]: Generating locales (this might take a while)...
         Stopping Virtualbox guest utils...
[[0;32m  OK  [0m] Stopped Virtualbox guest utils.
[   15.565830] cloud-init[1454]:   en_US.UTF-8... done
[   15.572375] cloud-init[1454]: Generation complete.
[   15.741697] cloud-init[1454]: Cloud-init v. 21.1-19-gbad84ad4-0ubuntu1~16.04.2 running 'modules:config' at Thu, 23 Sep 2021 09:04:21 +0000. Up 14.85 seconds.
[[0;32m  OK  [0m] Started Apply the settings specified in cloud-config.
         Starting Execute cloud user/final scripts...
ci-info: no authorized SSH keys fingerprints found for user ubuntu.
<14>Sep 23 09:04:22 ec2: 
<14>Sep 23 09:04:22 ec2: #############################################################
<14>Sep 23 09:04:22 ec2: -----BEGIN SSH HOST KEY FINGERPRINTS-----
<14>Sep 23 09:04:22 ec2: 1024 SHA256:a9f94+4bL6qHW+tjgxFfq59lDB3gsUMMaeF9lbTYwyQ root@ubuntu-xenial (DSA)
<14>Sep 23 09:04:22 ec2: 256 SHA256:bUrujs/rpW7M+nNc3JFHBAJzNWjQhU6Q2B0q/swt36I root@ubuntu-xenial (ECDSA)
<14>Sep 23 09:04:22 ec2: 256 SHA256:Ir0acXfOWjoVUH5wJdIrsY1tmtjveO94X/6F2ipRdTg root@ubuntu-xenial (ED25519)
<14>Sep 23 09:04:22 ec2: 2048 SHA256:3E1xu3nfp7ifQkUma6SqPx6c8wzpF3cv78+nLq5hnPs root@ubuntu-xenial (RSA)
<14>Sep 23 09:04:22 ec2: -----END SSH HOST KEY FINGERPRINTS-----
<14>Sep 23 09:04:22 ec2: #############################################################
-----BEGIN SSH HOST KEY KEYS-----
ecdsa-sha2-nistp256 AAAAE2VjZHNhLXNoYTItbmlzdHAyNTYAAAAIbmlzdHAyNTYAAABBBOEEEmb1AXptmF5Uibz4PmFWAA4pPm3PHIza7pg7znwMLhh5hdDd+VVOgNJgxabi4zAF5w9+Y22sSdtxmZIk2vY= root@ubuntu-xenial
ssh-ed25519 AAAAC3NzaC1lZDI1NTE5AAAAIPiwcZDOBDGfzTrj4tFSPnusqZr/Tx7JOAU2GJeaV0A6 root@ubuntu-xenial
ssh-rsa AAAAB3NzaC1yc2EAAAADAQABAAABAQCxfckiYlwt1Wy2sdgWZkYzolWvyggnGtnKCg9NLlRIJAv9HwuvaAaocrzT6TL5L4a+5vGGNWfdJ0BHmSSxpfPkPdQj7qS/4tjNfD6xofj5NtBOi8lWeShGIpuMdLqxAvMhPEPVlDjXuCvT806XnL+hxpiazo0WWg/jqLPA23ZrkSb1HOxVN2il8LOMHkRhIlcVIFfXEDviUHBUSrXp4Fem6dOcRcOmnO6ZfpS3z6+pyaxtLuB7Ilb46q5XBg+hIvWloHpZr5dF3j/LPR5C7KvXOh4yi+TfqfZ7AsAzc2ZAws/5jDC/QZd8GIzvGS+zq6VvytUZazHgwcJad8WdK1fn root@ubuntu-xenial
-----END SSH HOST KEY KEYS-----
[   16.099835] cloud-init[1659]: Cloud-init v. 21.1-19-gbad84ad4-0ubuntu1~16.04.2 running 'modules:final' at Thu, 23 Sep 2021 09:04:22 +0000. Up 15.98 seconds.
[   16.101683] cloud-init[1659]: ci-info: no authorized SSH keys fingerprints found for user ubuntu.
[   16.103498] cloud-init[1659]: Cloud-init v. 21.1-19-gbad84ad4-0ubuntu1~16.04.2 finished at Thu, 23 Sep 2021 09:04:22 +0000. Datasource DataSourceNoCloud [seed=/dev/sdb][dsmode=net].  Up 16.09 seconds
[[0;32m  OK  [0m] Started Execute cloud user/final scripts.
[[0;32m  OK  [0m] Reached target Cloud-init target.

Ubuntu 16.04.7 LTS ubuntu-xenial ttyS0

ubuntu-xenial login: 